     1                                 %line 1+1 ast02.asm
     2                                 
     3                                 
     4                                 
     5                                 
     6                                 
     7                                 
     8                                 
     9                                 
    10                                 
    11                                 
    12                                 
    13                                 
    14                                 
    15                                 
    16                                 
    17                                 
    18                                 [section .data]
    19                                 
    20                                 
    21                                 
    22                                 
    23                                 NULL equ 0
    24                                 
    25                                 TRUE equ 1
    26                                 FALSE equ 0
    27                                 
    28                                 EXIT_SUCCESS equ 0
    29                                 
    30                                 SYS_exit equ 60
    31                                 
    32                                 
    33                                 
    34                                 
    35 00000000 26                     bVar1 db 38
    36 00000001 10                     bVar2 db 16
    37 00000002 00                     bAns1 db 0
    38 00000003 00                     bAns2 db 0
    39 00000004 840E                   wVar1 dw 3716
    40 00000006 4B07                   wVar2 dw 1867
    41 00000008 0000                   wAns1 dw 0
    42 0000000A 0000                   wAns2 dw 0
    43 0000000C 4B55080A               dVar1 dd 168318283
    44 00000010 53491608               dVar2 dd 135678291
    45 00000014 CC47FFFF               dVar3 dd -47156
    46 00000018 00000000               dAns1 dd 0
    47 0000001C 00000000               dAns2 dd 0
    48 00000020 000062C1               flt1 dd -14.125
    49 00000024 000054C1               flt2 dd -13.25
    50 00000028 D00F4941               fourPi dd 12.56636
    51 0000002C 7E329E431F000000       qVar1 dq 134278427262
    52 00000034 43532032313800         myClass db "CS 218", NULL
    53 0000003B 4564204A6F7267656E-    edName db "Ed Jorgensen", NULL
    54 0000003B 73656E00           
    55 00000048 426F6E67204C656500     myName db "Bong Lee", NULL
    56                                 
    57 00000051 79000000000000007A-    numbers dq 121,122,123,124,125
    58 00000051 000000000000007B00-
    59 00000051 0000000000007C0000-
    60 00000051 00000000007D000000-
    61 00000051 00000000           
    62 00000079 0500000000000000       len dq 5
    63                                 
    64                                 
    65                                 
    66                                 
    67                                 [section .text]
    68                                 [global _start]
    69                                 _start:
    70                                 
    71                                 
    72                                 
    73                                 
    74                                 
    75                                 
    76                                 
    77                                 
    78 00000000 8A0425[00000000]        mov al, byte [bVar1]
    79 00000007 020425[00000000]        add al, byte [bVar2]
    80 0000000E 880425[00000000]        mov byte [bAns1], al
    81                                 
    82                                 
    83 00000015 8A0425[00000000]        mov al, byte [bVar1]
    84 0000001C 2A0425[00000000]        sub al, byte [bVar2]
    85 00000023 880425[00000000]        mov byte [bAns2], al
    86                                 
    87                                 
    88                                 
    89                                 
    90                                 
    91                                 
    92                                 
    93                                 
    94 0000002A 668B0425[00000000]      mov ax, word [wVar1]
    95 00000032 66030425[00000000]      add ax, word [wVar2]
    96 0000003A 66890425[00000000]      mov word [wAns1], ax
    97                                 
    98                                 
    99 00000042 668B0425[00000000]      mov ax, word [wVar1]
   100 0000004A 662B0425[00000000]      sub ax, word [wVar2]
   101 00000052 66890425[00000000]      mov word [wAns2], ax
   102                                 
   103                                 
   104                                 
   105                                 
   106                                 
   107                                 
   108                                 
   109                                 
   110                                 
   111 0000005A 8B0425[00000000]        mov eax, dword [dVar1]
   112 00000061 030425[00000000]        add eax, dword [dVar2]
   113 00000068 890425[00000000]        mov dword[dAns1], eax
   114                                 
   115                                 
   116 0000006F 8B0425[00000000]        mov eax, dword[dVar1]
   117 00000076 2B0425[00000000]        sub eax, dword[dVar2]
   118 0000007D 890425[00000000]        mov dword[dAns2], eax
   119                                 
   120                                 
   121                                 
   122                                 
   123 00000084 488B0C25[00000000]      mov rcx, qword[len]
   124 0000008C 48C7C3[00000000]        mov rbx, numbers
   125 00000093 49C7C000000000          mov r8, 0
   126                                 
   127                                  pushLoop:
   128 0000009A 42FF34C3                push qword[rbx+r8*8]
   129 0000009E 49FFC0                  inc r8
   130 000000A1 E2F5                    loop pushLoop
   131                                 
   132 000000A3 488B0C25[00000000]      mov rcx, qword[len]
   133 000000AB 49C7C000000000          mov r8, 0
   134 000000B2 49C7C100000000          mov r9, 0
   135                                 
   136                                  popLoop:
   137 000000B9 4159                    pop r9
   138 000000BB 4E890CC3                mov qword[rbx+r8*8], r9
   139 000000BF 49FFC0                  inc r8
   140 000000C2 E2F3                    loop popLoop
   141                                 
   142                                 
   143                                 
   144                                 
   145                                 
   146                                 last:
   147 000000C4 48C7C03C000000          mov rax, SYS_exit
   148 000000CB 48C7C700000000          mov rdi, EXIT_SUCCESS
   149 000000D2 0F05                    syscall
   150                                 
