     1                                 %line 1+1 ast01.asm
     2                                 
     3                                 
     4                                 %line 19+1 ast01.asm
     5                                 
     6                                 %line 92+1 ast01.asm
     7                                 
     8                                 
     9                                 
    10                                 
    11                                 
    12                                 
    13                                 
    14                                 [section .data]
    15                                 
    16                                 
    17                                 
    18                                 
    19                                 TRUE equ 1
    20                                 FALSE equ 0
    21                                 
    22                                 EXIT_SUCCESS equ 0
    23                                 SYS_exit equ 60
    24                                 
    25                                 
    26                                 
    27                                 
    28                                 
    29                                 
    30                                 
    31 00000000 00000000                n1 dd 0
    32 00000004 0000                    n2w dw 0
    33 00000006 00000000                n3 dd 0
    34                                 
    35 0000000A 00000000                res1 dd 0
    36 0000000E 00000000                res2 dd 0
    37 00000012 00000000                res3 dd 0
    38 00000016 00000000                rem3 dd 0
    39                                 
    40                                 
    41                                 
    42 0000001A 010002000300040005-     wLst dw 1, 2, 3, 4, 5, 6, 7, 8, 9, 10
    43 0000001A 000600070008000900-
    44 0000001A 0A00               
    45 0000002E 0A000000                len dd 10
    46 00000032 00000000                min dd 0
    47 00000036 00000000                med dd 0
    48 0000003A 00000000                max dd 0
    49 0000003E 00000000                sum dd 0
    50 00000042 00000000                ave dd 0
    51                                 
    52 00000046 00000000                sqVal dd 0
    53                                 
    54                                 [section .bss]
    55                                 
    56 00000000 <gap>                   dLst resd 10
    57                                 
    58                                 
    59                                 
    60                                 
    61                                 [section .text]
    62                                 [global _start]
    63                                 _start:
    64                                 
    65                                 
    66                                 
    67                                 
    68                                 
    69                                 
    70                                 
    71                                 
    72                                 %line 154+0 ast01.asm
    73 00000000 50                      push rax
    74 00000001 53                      push rbx
    75 00000002 51                      push rcx
    76 00000003 52                      push rdx
    77 00000004 56                      push rsi
    78 00000005 57                      push rdi
    79                                 
    80 00000006 48C7C6[00000000]        mov rsi, dLst
    81 0000000D 48C7C7[00000000]        mov rdi, wLst
    82 00000014 8B0C25[00000000]        mov ecx, dword[len]
    83                                 
    84                                  ..@4.sqLoop:
    85 0000001B 668B07                  mov ax, word[rdi]
    86 0000001E 66F7E0                  mul ax
    87 00000021 66890425[00000000]      mov word[sqVal], ax
    88 00000029 66891425[02000000]      mov word[sqVal+2], dx
    89 00000031 8B1C25[00000000]        mov ebx, dword[sqVal]
    90 00000038 891E                    mov dword[rsi], ebx
    91 0000003A 4883C702                add rdi, 2
    92 0000003E 4883C604                add rsi ,4
    93 00000042 E2D5                    loop ..@4.sqLoop
    94                                 
    95                                 
    96 00000044 8B0425[00000000]        mov eax, dword[dLst]
    97 0000004B 890425[00000000]        mov dword[min], eax
    98 00000052 8B0C25[00000000]        mov ecx, dword[len]
    99 00000059 678B048D[FCFFFFFF]      mov eax, dword[dLst+ecx*4-4]
   100 00000061 890425[00000000]        mov dword[max], eax
   101                                 
   102                                 
   103 00000068 8B0425[00000000]        mov eax, dword[len]
   104 0000006F BB02000000              mov ebx, 2
   105 00000074 BA00000000              mov edx, 0
   106 00000079 F7F3                    div ebx
   107 0000007B 83FA00                  cmp edx, 0
   108 0000007E 740D                    je ..@4.isEven
   109 00000080 678B1C85[00000000]      mov ebx, dword[dLst+eax*4]
   110 00000088 891C25[00000000]        mov dword[med], ebx
   111                                 
   112                                  ..@4.isEven:
   113 0000008F 89C3                    mov ebx, eax
   114 00000091 678B049D[00000000]      mov eax, dword[dLst+ebx*4]
   115 00000099 FFCB                    dec ebx
   116 0000009B 6703049D[00000000]      add eax, dword[dLst+ebx*4]
   117 000000A3 BB02000000              mov ebx, 2
   118 000000A8 BA00000000              mov edx, 0
   119 000000AD F7F3                    div ebx
   120 000000AF 890425[00000000]        mov dword[med], eax
   121                                 
   122 000000B6 48C7C6[00000000]        mov rsi, dLst
   123 000000BD 8B0C25[00000000]        mov ecx, dword[len]
   124 000000C4 48C7C000000000          mov rax, 0
   125                                  ..@4.sumLp:
   126 000000CB 0306                    add eax, dword[rsi]
   127 000000CD 4883C604                add rsi, 4
   128 000000D1 E2F6                    loop ..@4.sumLp
   129 000000D3 890425[00000000]        mov dword[sum], eax
   130 000000DA 8B0C25[00000000]        mov ecx, dword[len]
   131 000000E1 BA00000000              mov edx, 0
   132 000000E6 F7F1                    div ecx
   133 000000E8 890425[00000000]        mov dword[ave], eax
   134                                 
   135 000000EF 5F                      pop rdi
   136 000000F0 5E                      pop rsi
   137 000000F1 5A                      pop rdx
   138 000000F2 59                      pop rcx
   139 000000F3 5B                      pop rbx
   140 000000F4 58                      pop rax
   141                                 
   142                                 %line 155+1 ast01.asm
   143                                 
   144                                 
   145                                 
   146                                 
   147                                 last:
   148 000000F5 48C7C03C000000          mov rax, SYS_exit
   149 000000FC 48C7C700000000          mov rdi, EXIT_SUCCESS
   150 00000103 0F05                    syscall
   151                                 
